<html>
<body>
<pre>
<h1>µVision Build Log</h1>
<h2>Tool Versions:</h2>
IDE-Version: µVision V5.41.0.0
Copyright (C) 2024 ARM Ltd and ARM Germany GmbH. All rights reserved.
License Information: Nathaniel Possel, North Carolina State University, LIC=----
 
Tool Versions:
Toolchain:       MDK-Lite  Version: 5.41.0.0
Toolchain Path:  C:\Users\adyna\AppData\Local\Keil_v5\ARM\ARMCLANG\Bin
C Compiler:      ArmClang.exe V6.22
Assembler:       Armasm.exe V6.22
Linker/Locator:  ArmLink.exe V6.22
Library Manager: ArmAr.exe V6.22
Hex Converter:   FromElf.exe V6.22
CPU DLL:         SARMCM3.DLL V5.41.0.0
Dialog DLL:      DARMCM1.DLL V1.19.6.0
Target DLL:      CMSIS_AGDI.dll V1.33.21.0
Dialog DLL:      TARMCM1.DLL V1.14.6.0
 
<h2>Project:</h2>
C:\Users\adyna\Documents\ECE560-ESO-25\HW\HW3\HW3.uvprojx
Project File Date:  03/23/2025

<h2>Output:</h2>
*** Using Compiler 'V6.22', folder: 'C:\Users\adyna\AppData\Local\Keil_v5\ARM\ARMCLANG\Bin'
Rebuild target 'Target 1'
compiling I2C.c...
compiling colors.c...
compiling threads.c...
compiling lucida_8x13.c...
compiling LCD_text.c...
compiling delay.c...
compiling debug.c...
compiling main.c...
compiling lucida_12x19.c...
compiling LCD_graphics.c...
compiling lucida_20x31.c...
compiling LEDs.c...
compiling MMA8451.c...
compiling timers.c...
compiling game.c...
compiling DMA.c...
compiling region.c...
compiling touchscreen.c...
compiling sound.c...
compiling ST7789.c...
compiling profile.c...
compiling new_events.c...
compiling rtx_lib.c...
compiling rtx_delay.c...
assembling irq_armv6m.S...
compiling rtx_memory.c...
compiling rtx_evflags.c...
compiling rtx_kernel.c...
compiling rtx_evr.c...
compiling rtx_system.c...
compiling os_systick.c...
compiling RTX_Config.c...
compiling rtx_mempool.c...
assembling startup_MKL25Z4.s...
compiling rtx_semaphore.c...
compiling rtx_mutex.c...
compiling rtx_timer.c...
compiling rtx_msgqueue.c...
compiling system_MKL25Z4.c...
compiling EventRecorder.c...
compiling rtx_thread.c...
linking...
Program Size: Code=27904 RO-data=1284 RW-data=464 ZI-data=9432  
".\Objects\HW3.axf" - 0 Error(s), 0 Warning(s).

<h2>Software Packages used:</h2>

Package Vendor: ARM
                https://www.keil.com/pack/ARM.CMSIS.6.1.0.pack
                ARM::CMSIS@6.1.0
                CMSIS (Common Microcontroller Software Interface Standard)
   * Component: OS Tick Version: 1.0.1
   * Component: RTOS2 Version: 2.3.0
   * Component: CORE Version: 6.1.0
   * Component: SysTick Version: 1.0.5

Package Vendor: ARM
                https://www.keil.com/pack/ARM.CMSIS-RTX.5.9.0.pack
                ARM::CMSIS-RTX@5.9.0
                RTX RTOS implementation of CMSIS-RTOS2 API
   * Component: Keil RTX5 Variant: Source Version: 5.9.0

Package Vendor: Keil
                https://www.keil.com/pack/Keil.ARM_Compiler.1.7.2.pack
                Keil::ARM_Compiler@1.7.2
                Keil ARM Compiler extensions for ARM Compiler 5 and ARM Compiler 6
   * Component: Event Recorder Variant: DAP Version: 1.5.1

Package Vendor: Keil
                https://www.keil.com/pack/Keil.Kinetis_KLxx_DFP.1.15.1.pack
                Keil::Kinetis_KLxx_DFP@1.15.1
                NXP Kinetis KLxx Series Device Support and Examples
   * Component: Startup Version: 2.5.0

<h2>Collection of Component include folders:</h2>
  ./RTE/CMSIS
  ./RTE/Compiler
  ./RTE/Device/MKL25Z128xxx4
  ./RTE/_Target_1
  C:/Users/adyna/AppData/Local/Arm/Packs/ARM/CMSIS-RTX/5.9.0/Include
  C:/Users/adyna/AppData/Local/Arm/Packs/ARM/CMSIS/6.1.0/CMSIS/Core/Include
  C:/Users/adyna/AppData/Local/Arm/Packs/ARM/CMSIS/6.1.0/CMSIS/RTOS2/Include
  C:/Users/adyna/AppData/Local/Arm/Packs/Keil/ARM_Compiler/1.7.2/Include
  C:/Users/adyna/AppData/Local/Arm/Packs/Keil/Kinetis_KLxx_DFP/1.15.1/Device/Include

<h2>Collection of Component Files used:</h2>

   * Component: ::CMSIS:OS Tick(API)@1.0.1
      Include file:  CMSIS/RTOS2/Include/os_tick.h

   * Component: ::CMSIS:RTOS2(API)@2.3.0
      Include file:  CMSIS/RTOS2/Include/cmsis_os2.h

   * Component: ARM::CMSIS:CORE@6.1.0

   * Component: ARM::CMSIS:OS Tick:SysTick@1.0.5
      Source file:   CMSIS/RTOS2/Source/os_systick.c

   * Component: ARM::CMSIS:RTOS2:Keil RTX5&Source@5.9.0
      Source file:   Source/rtx_lib.c
      Source file:   Source/rtx_evr.c
      Source file:   Source/GCC/irq_armv6m.S
      Source file:   Template/MsgQueue.c
      Source file:   Config/RTX_Config.c
      Source file:   Template/Thread.c
      Source file:   Source/rtx_thread.c
      Include file:  Include/rtx_os.h
      Include file:  Config/RTX_Config.h
      Source file:   Template/Mutex.c
      Source file:   Template/Timer.c
      Source file:   Template/main.c
      Source file:   Source/rtx_kernel.c
      Source file:   Source/rtx_delay.c
      Source file:   Template/MemPool.c
      Source file:   Template/Semaphore.c
      Source file:   Template/svc_user.c
      Source file:   Template/Events.c
      Source file:   Source/rtx_memory.c
      Source file:   Source/rtx_msgqueue.c
      Source file:   Source/rtx_system.c
      Source file:   Source/rtx_semaphore.c
      Source file:   Source/rtx_mempool.c
      Source file:   Source/rtx_evflags.c
      Source file:   Source/rtx_mutex.c
      Source file:   Source/rtx_timer.c

   * Component: Keil::Compiler&ARM Compiler:Event Recorder&DAP@1.5.1
      Include file:  Config/EventRecorderConf.h
      Include file:  Include/EventRecorder.h
      Source file:   Source/EventRecorder.c

   * Component: Keil::Device:Startup@2.5.0
      Source file:   Device/Source/system_MKL25Z4.c
      Source file:   Device/Source/ARM/startup_MKL25Z4.s
      Include file:  Device/Source/system_MKL25Z4.h
Build Time Elapsed:  00:00:02
</pre>
</body>
</html>
